<testsuites name="results">
  <testsuite name="all" package="all">
    <property name="random_seed" value="1763637952" />
    <testcase name="test_counter" classname="test_counter" file="/home/karsearin501/dff_project/test_counter.py" lineno="5" time="0.0024666786193847656" sim_time_ns="165.0" ratio_time="66891.56775565435" />
  </testsuite>
</testsuites>
